This is pdfTeX, Version 3.141592653-2.6-1.40.22 (TeX Live 2022/dev/Debian) (preloaded format=pdflatex 2026.1.30)  17 FEB 2026 09:12
entering extended mode
 restricted \write18 enabled.
 %&-line parsing enabled.
**gemini_earth_ortographic_001.tex
(./gemini_earth_ortographic_001.tex
LaTeX2e <2021-11-15> patch level 1
L3 programming layer <2022-01-21>
(/usr/share/texlive/texmf-dist/tex/latex/base/article.cls
Document Class: article 2021/10/04 v1.4n Standard LaTeX document class
(/usr/share/texlive/texmf-dist/tex/latex/base/size10.clo
File: size10.clo 2021/10/04 v1.4n Standard LaTeX file (size option)
)
\c@part=\count185
\c@section=\count186
\c@subsection=\count187
\c@subsubsection=\count188
\c@paragraph=\count189
\c@subparagraph=\count190
\c@figure=\count191
\c@table=\count192
\abovecaptionskip=\skip47
\belowcaptionskip=\skip48
\bibindent=\dimen138
)
(/usr/share/texlive/texmf-dist/tex/latex/base/inputenc.sty
Package: inputenc 2021/02/14 v1.3d Input encoding file
\inpenc@prehook=\toks16
\inpenc@posthook=\toks17
)
(/usr/share/texlive/texmf-dist/tex/latex/graphics/graphicx.sty
Package: graphicx 2021/09/16 v1.2d Enhanced LaTeX Graphics (DPC,SPQR)

(/usr/share/texlive/texmf-dist/tex/latex/graphics/keyval.sty
Package: keyval 2014/10/28 v1.15 key=value parser (DPC)
\KV@toks@=\toks18
)
(/usr/share/texlive/texmf-dist/tex/latex/graphics/graphics.sty
Package: graphics 2021/03/04 v1.4d Standard LaTeX Graphics (DPC,SPQR)

(/usr/share/texlive/texmf-dist/tex/latex/graphics/trig.sty
Package: trig 2021/08/11 v1.11 sin cos tan (DPC)
)
(/usr/share/texlive/texmf-dist/tex/latex/graphics-cfg/graphics.cfg
File: graphics.cfg 2016/06/04 v1.11 sample graphics configuration
)
Package graphics Info: Driver file: pdftex.def on input line 107.

(/usr/share/texlive/texmf-dist/tex/latex/graphics-def/pdftex.def
File: pdftex.def 2020/10/05 v1.2a Graphics/color driver for pdftex
))
\Gin@req@height=\dimen139
\Gin@req@width=\dimen140
)
(/usr/share/texlive/texmf-dist/tex/latex/amsmath/amsmath.sty
Package: amsmath 2021/10/15 v2.17l AMS math features
\@mathmargin=\skip49

For additional information on amsmath, use the `?' option.
(/usr/share/texlive/texmf-dist/tex/latex/amsmath/amstext.sty
Package: amstext 2021/08/26 v2.01 AMS text

(/usr/share/texlive/texmf-dist/tex/latex/amsmath/amsgen.sty
File: amsgen.sty 1999/11/30 v2.0 generic functions
\@emptytoks=\toks19
\ex@=\dimen141
))
(/usr/share/texlive/texmf-dist/tex/latex/amsmath/amsbsy.sty
Package: amsbsy 1999/11/29 v1.2d Bold Symbols
\pmbraise@=\dimen142
)
(/usr/share/texlive/texmf-dist/tex/latex/amsmath/amsopn.sty
Package: amsopn 2021/08/26 v2.02 operator names
)
\inf@bad=\count193
LaTeX Info: Redefining \frac on input line 234.
\uproot@=\count194
\leftroot@=\count195
LaTeX Info: Redefining \overline on input line 399.
\classnum@=\count196
\DOTSCASE@=\count197
LaTeX Info: Redefining \ldots on input line 496.
LaTeX Info: Redefining \dots on input line 499.
LaTeX Info: Redefining \cdots on input line 620.
\Mathstrutbox@=\box50
\strutbox@=\box51
\big@size=\dimen143
LaTeX Font Info:    Redeclaring font encoding OML on input line 743.
LaTeX Font Info:    Redeclaring font encoding OMS on input line 744.
\macc@depth=\count198
\c@MaxMatrixCols=\count199
\dotsspace@=\muskip16
\c@parentequation=\count266
\dspbrk@lvl=\count267
\tag@help=\toks20
\row@=\count268
\column@=\count269
\maxfields@=\count270
\andhelp@=\toks21
\eqnshift@=\dimen144
\alignsep@=\dimen145
\tagshift@=\dimen146
\tagwidth@=\dimen147
\totwidth@=\dimen148
\lineht@=\dimen149
\@envbody=\toks22
\multlinegap=\skip50
\multlinetaggap=\skip51
\mathdisplay@stack=\toks23
LaTeX Info: Redefining \[ on input line 2938.
LaTeX Info: Redefining \] on input line 2939.
)
(/usr/share/texlive/texmf-dist/tex/latex/was/gensymb.sty
Package: gensymb 2003/07/02 v1.0 (WaS)
)
(/usr/share/texlive/texmf-dist/tex/latex/base/makeidx.sty
Package: makeidx 2021/10/04 v1.0m Standard LaTeX package
)
\@indexfile=\write3
\openout3 = `gemini_earth_ortographic_001.idx'.


Writing index file gemini_earth_ortographic_001.idx
   defining Unicode char U+2061 (decimal 8289)
   defining Unicode char U+2005 (decimal 8197)
   defining Unicode char U+200B (decimal 8203)
   defining Unicode char U+200A (decimal 8202)
(/usr/share/texlive/texmf-dist/tex/latex/l3backend/l3backend-pdftex.def
File: l3backend-pdftex.def 2022-01-12 L3 backend support: PDF output (pdfTeX)
\l__color_backend_stack_int=\count271
\l__pdf_internal_box=\box52
)

LaTeX Warning: Unused global option(s):
    [14pt].

(./gemini_earth_ortographic_001.aux)
\openout1 = `gemini_earth_ortographic_001.aux'.

LaTeX Font Info:    Checking defaults for OML/cmm/m/it on input line 17.
LaTeX Font Info:    ... okay on input line 17.
LaTeX Font Info:    Checking defaults for OMS/cmsy/m/n on input line 17.
LaTeX Font Info:    ... okay on input line 17.
LaTeX Font Info:    Checking defaults for OT1/cmr/m/n on input line 17.
LaTeX Font Info:    ... okay on input line 17.
LaTeX Font Info:    Checking defaults for T1/cmr/m/n on input line 17.
LaTeX Font Info:    ... okay on input line 17.
LaTeX Font Info:    Checking defaults for TS1/cmr/m/n on input line 17.
LaTeX Font Info:    ... okay on input line 17.
LaTeX Font Info:    Checking defaults for OMX/cmex/m/n on input line 17.
LaTeX Font Info:    ... okay on input line 17.
LaTeX Font Info:    Checking defaults for U/cmr/m/n on input line 17.
LaTeX Font Info:    ... okay on input line 17.

(/usr/share/texlive/texmf-dist/tex/context/base/mkii/supp-pdf.mkii
[Loading MPS to PDF converter (version 2006.09.02).]
\scratchcounter=\count272
\scratchdimen=\dimen150
\scratchbox=\box53
\nofMPsegments=\count273
\nofMParguments=\count274
\everyMPshowfont=\toks24
\MPscratchCnt=\count275
\MPscratchDim=\dimen151
\MPnumerator=\count276
\makeMPintoPDFobject=\count277
\everyMPtoPDFconversion=\toks25
) (/usr/share/texlive/texmf-dist/tex/latex/epstopdf-pkg/epstopdf-base.sty
Package: epstopdf-base 2020-01-24 v2.11 Base part for package epstopdf
Package epstopdf-base Info: Redefining graphics rule for `.eps' on input line 4
85.

(/usr/share/texlive/texmf-dist/tex/latex/latexconfig/epstopdf-sys.cfg
File: epstopdf-sys.cfg 2010/07/13 v1.3 Configuration of (r)epstopdf for TeX Liv
e
))
LaTeX Info: Redefining \celsius on input line 17.
Package gensymb Info: Faking symbols for \degree and \celsius on input line 17.



Package gensymb Warning: Not defining \perthousand.

LaTeX Info: Redefining \ohm on input line 17.
Package gensymb Info: Using \Omega for \ohm on input line 17.

Package gensymb Warning: Not defining \micro.


Overfull \hbox (37.0615pt too wide) in paragraph at lines 18--18
 [][] 
 []

(./gemini_earth_ortographic_001.toc [1

{/var/lib/texmf/fonts/map/pdftex/updmap/pdftex.map}] [2])
\tf@toc=\write4
\openout4 = `gemini_earth_ortographic_001.toc'.

 [3]
Underfull \hbox (badness 10000) in paragraph at lines 29--31

 []

[4

]
Underfull \hbox (badness 10000) in paragraph at lines 70--76

 []


Underfull \hbox (badness 10000) in paragraph at lines 84--85

 []


Underfull \hbox (badness 10000) in paragraph at lines 94--95

 []


Underfull \hbox (badness 10000) in paragraph at lines 95--96

 []

[5]
Overfull \hbox (18.21582pt too wide) in paragraph at lines 110--111
\OT1/cmr/m/n/10 To find the cir-cle pass-ing through three non-collinear points
 $(\OML/cmm/m/it/10 x[]; y[]\OT1/cmr/m/n/10 )\OML/cmm/m/it/10 ; \OT1/cmr/m/n/10
 (\OML/cmm/m/it/10 x[]; y[]\OT1/cmr/m/n/10 )\OML/cmm/m/it/10 ; \OT1/cmr/m/n/10 
(\OML/cmm/m/it/10 x[]; y[]\OT1/cmr/m/n/10 )$: 
 []


Underfull \hbox (badness 10000) in paragraph at lines 110--111

 []


Overfull \hbox (14.91034pt too wide) in paragraph at lines 115--116
[]\OT1/cmr/m/n/10 Convert to center-radius form us-ing: $\OML/cmm/m/it/10 x[] \
OT1/cmr/m/n/10 = []\OML/cmm/m/it/10 ;  y[] \OT1/cmr/m/n/10 = []\OML/cmm/m/it/10
 ;  r \OT1/cmr/m/n/10 = []$ 
 []

[6] [7

]
Overfull \hbox (30.59837pt too wide) in paragraph at lines 316--316
[]\OT1/cmtt/m/n/7 void generate_arc_points(Circle circle, double start_angle, d
ouble end_angle, const char* filename) {[] 
 []

LaTeX Font Info:    Trying to load font information for TS1+cmtt on input line 
316.
(/usr/share/texlive/texmf-dist/tex/latex/base/ts1cmtt.fd
File: ts1cmtt.fd 2019/12/16 v2.5j Standard LaTeX font definitions
) [8]
Overfull \hbox (34.31717pt too wide) in paragraph at lines 316--316
[]    \OT1/cmtt/m/n/7 fprintf(gnuplot, "'arc.dat' using 1:2:(2-$1):(3-$2) with 
vectors nohead lt 2 title 'Radius'\n\n");[] 
 []


Overfull \hbox (19.44199pt too wide) in paragraph at lines 316--316
[]    \OT1/cmtt/m/n/7 fprintf(gnuplot, "'circle_3points.dat' every 120 with poi
nts pt 2 title 'Circle Points'\n\n");[] 
 []


Underfull \hbox (badness 10000) in paragraph at lines 319--320

 []

<circle_plots001.png, id=45, 903.375pt x 301.125pt>
File: circle_plots001.png Graphic file (type png)
<use circle_plots001.png>
Package pdftex.def Info: circle_plots001.png  used on input line 343.
(pdftex.def)             Requested size: 426.79134pt x 142.26393pt.

Overfull \hbox (81.79134pt too wide) in paragraph at lines 343--344
 [] 
 []

[9] [10 <./circle_plots001.png>]
Underfull \hbox (badness 10000) in paragraph at lines 364--366

 []


Underfull \hbox (badness 10000) in paragraph at lines 378--379

 []


Underfull \hbox (badness 10000) in paragraph at lines 393--395

 []

[11

]
Underfull \hbox (badness 10000) in paragraph at lines 396--398

 []


Underfull \hbox (badness 10000) in paragraph at lines 410--411

 []


Underfull \hbox (badness 10000) in paragraph at lines 422--423

 []

[12]
Underfull \hbox (badness 10000) in paragraph at lines 431--435

 []

[13]
Overfull \hbox (67.78633pt too wide) in paragraph at lines 732--732
[]\OT1/cmtt/m/n/7 void generate_ellipse_arc_points(Ellipse ellipse, double star
t_angle, double end_angle, const char* filename) {[] 
 []

[14] [15] [16]
<ellipse_plots.png, id=73, 1204.5pt x 903.375pt>
File: ellipse_plots.png Graphic file (type png)
<use ellipse_plots.png>
Package pdftex.def Info: ellipse_plots.png  used on input line 735.
(pdftex.def)             Requested size: 512.1496pt x 384.12917pt.

Overfull \hbox (167.1496pt too wide) in paragraph at lines 735--736
 [] 
 []


Underfull \hbox (badness 10000) in paragraph at lines 740--741

 []

[17] [18 <./ellipse_plots.png>] [19

]
Overfull \hbox (32.9967pt too wide) in paragraph at lines 813--813
[]\OT1/cmtt/m/n/10 gnuplot script created. Run 'gnuplot plot_ellipse.gp' to gen
erate plots.[] 
 []


Underfull \hbox (badness 10000) in paragraph at lines 851--854

 []

[20]
Underfull \hbox (badness 10000) in paragraph at lines 854--860

 []


Underfull \hbox (badness 10000) in paragraph at lines 861--862

 []


Underfull \hbox (badness 10000) in paragraph at lines 862--863

 []


Underfull \hbox (badness 10000) in paragraph at lines 863--864

 []


Underfull \hbox (badness 10000) in paragraph at lines 864--865

 []


Underfull \hbox (badness 10000) in paragraph at lines 865--866

 []

<equation-of-ellipse1-c1148b91.png, id=91, 391.7034pt x 281.853pt>
File: equation-of-ellipse1-c1148b91.png Graphic file (type png)
<use equation-of-ellipse1-c1148b91.png>
Package pdftex.def Info: equation-of-ellipse1-c1148b91.png  used on input line 
872.
(pdftex.def)             Requested size: 341.43306pt x 245.6875pt.
<equation-of-ellipse4-4bf7f794.png, id=92, 541.3023pt x 245.718pt>
File: equation-of-ellipse4-4bf7f794.png Graphic file (type png)
<use equation-of-ellipse4-4bf7f794.png>
Package pdftex.def Info: equation-of-ellipse4-4bf7f794.png  used on input line 
879.
(pdftex.def)             Requested size: 398.33858pt x 180.8274pt.

Overfull \hbox (53.33858pt too wide) in paragraph at lines 879--880
 [] 
 []

<equation-of-ellipse3-1518cb07.png, id=93, 911.405pt x 529.98pt>
File: equation-of-ellipse3-1518cb07.png Graphic file (type png)
<use equation-of-ellipse3-1518cb07.png>
Package pdftex.def Info: equation-of-ellipse3-1518cb07.png  used on input line 
886.
(pdftex.def)             Requested size: 455.24408pt x 264.73056pt.

Overfull \hbox (110.24408pt too wide) in paragraph at lines 886--887
 [] 
 []


Underfull \hbox (badness 10000) in paragraph at lines 891--892

 []

[21]
Underfull \hbox (badness 10000) in paragraph at lines 901--902

 []

[22 <./equation-of-ellipse1-c1148b91.png> <./equation-of-ellipse4-4bf7f794.png>
]
Underfull \hbox (badness 10000) in paragraph at lines 902--903

 []


Underfull \hbox (badness 10000) in paragraph at lines 905--906

 []


Underfull \hbox (badness 10000) in paragraph at lines 906--908

 []


Underfull \hbox (badness 10000) in paragraph at lines 906--908

 []


Underfull \hbox (badness 10000) in paragraph at lines 908--911

 []


Underfull \hbox (badness 10000) in paragraph at lines 914--915

 []

[23 <./equation-of-ellipse3-1518cb07.png>]
Overfull \hbox (4269.70976pt too wide) in paragraph at lines 949--949
[]\OT1/cmtt/m/n/10 "ellipse_points001.csv" using 1:2:3 with labels offset 0.50,
0.50 font 'arial,14' notitle                                                   
                                                                               
                                                                               
                                                                               
                                                                               
                                                                               
                                                                               
                                                                               
                                                                               
                                                                               
                             [] 
 []


Underfull \hbox (badness 10000) in paragraph at lines 950--951

 []

[24]
<ellipse001.png, id=106, 642.4pt x 481.8pt>
File: ellipse001.png Graphic file (type png)
<use ellipse001.png>
Package pdftex.def Info: ellipse001.png  used on input line 961.
(pdftex.def)             Requested size: 455.24408pt x 341.4408pt.

Overfull \hbox (110.24408pt too wide) in paragraph at lines 961--962
 [] 
 []

[25 <./ellipse001.png>]
Underfull \hbox (badness 10000) in paragraph at lines 996--998

 []


Underfull \hbox (badness 10000) in paragraph at lines 999--1000

 []


Underfull \hbox (badness 10000) in paragraph at lines 1000--1001

 []


Underfull \hbox (badness 10000) in paragraph at lines 1001--1002

 []


Underfull \hbox (badness 10000) in paragraph at lines 1002--1003

 []

[26]
Underfull \hbox (badness 10000) in paragraph at lines 1009--1010

 []


Underfull \hbox (badness 10000) in paragraph at lines 1014--1016

 []


Underfull \hbox (badness 10000) in paragraph at lines 1025--1027

 []


Underfull \hbox (badness 10000) in paragraph at lines 1028--1030

 []


Underfull \hbox (badness 10000) in paragraph at lines 1031--1032

 []


Underfull \hbox (badness 10000) in paragraph at lines 1032--1033

 []


Underfull \hbox (badness 10000) in paragraph at lines 1041--1043

 []

[27]
Underfull \hbox (badness 10000) in paragraph at lines 1062--1064

 []


Underfull \hbox (badness 10000) in paragraph at lines 1064--1065

 []


Underfull \hbox (badness 10000) in paragraph at lines 1067--1068

 []


Underfull \hbox (badness 10000) in paragraph at lines 1068--1071

 []


Underfull \hbox (badness 10000) in paragraph at lines 1068--1071

 []


Underfull \hbox (badness 10000) in paragraph at lines 1072--1073

 []


Underfull \hbox (badness 10000) in paragraph at lines 1073--1074

 []

[28]
<ellipse002.png, id=120, 903.375pt x 602.25pt>
File: ellipse002.png Graphic file (type png)
<use ellipse002.png>
Package pdftex.def Info: ellipse002.png  used on input line 1079.
(pdftex.def)             Requested size: 455.24408pt x 303.50435pt.

Overfull \hbox (110.24408pt too wide) in paragraph at lines 1079--1080
 [] 
 []


Underfull \hbox (badness 10000) in paragraph at lines 1084--1085

 []

[29

 <./ellipse002.png>] [30]
Overfull \hbox (64.49643pt too wide) in paragraph at lines 1183--1183
[]\OT1/cmtt/m/n/10 set object 1 circle at x0,y0 size 1 arc [0:45] fs empty bord
er lc rgb "purple"[] 
 []


Overfull \hbox (69.74638pt too wide) in paragraph at lines 1183--1183
[]\OT1/cmtt/m/n/10 set object 2 circle at x0,y0 size 2 arc [0:20.5] fs empty bo
rder lc rgb "black"[] 
 []


Overfull \hbox (1.49698pt too wide) in paragraph at lines 1183--1183
[]\OT1/cmtt/m/n/10 set label "{/Symbol q}" at x0+2.0,y0+0.5 tc rgb "black" font
 ",14"[] 
 []


Overfull \hbox (11.99689pt too wide) in paragraph at lines 1183--1183
[]     \OT1/cmtt/m/n/10 "+" using (Px):(Py) w p pt 7 ps 1.5 lc rgb "green" titl
e "P", \[] 
 []


Overfull \hbox (1.49698pt too wide) in paragraph at lines 1183--1183
[]     \OT1/cmtt/m/n/10 "+" using (Cx):(Cy) w p pt 7 ps 1.5 lc rgb "purple" tit
le "C"[] 
 []


Underfull \hbox (badness 10000) in paragraph at lines 1185--1186

 []


Underfull \hbox (badness 10000) in paragraph at lines 1187--1190

 []


Underfull \hbox (badness 10000) in paragraph at lines 1187--1190

 []


Underfull \hbox (badness 10000) in paragraph at lines 1192--1194

 []


Underfull \hbox (badness 10000) in paragraph at lines 1196--1199

 []

[31]
Underfull \hbox (badness 10000) in paragraph at lines 1206--1207

 []


Underfull \hbox (badness 10000) in paragraph at lines 1207--1208

 []


Underfull \hbox (badness 10000) in paragraph at lines 1209--1210

 []


Underfull \hbox (badness 10000) in paragraph at lines 1219--1220

 []


Underfull \hbox (badness 10000) in paragraph at lines 1222--1227

 []


Underfull \hbox (badness 10000) in paragraph at lines 1233--1235

 []

<ellipse003.png, id=131, 642.4pt x 481.8pt>
File: ellipse003.png Graphic file (type png)
<use ellipse003.png>
Package pdftex.def Info: ellipse003.png  used on input line 1242.
(pdftex.def)             Requested size: 455.24408pt x 341.4408pt.

Overfull \hbox (110.24408pt too wide) in paragraph at lines 1242--1243
 [] 
 []

[32]
Underfull \hbox (badness 10000) in paragraph at lines 1250--1253

 []

[33 <./ellipse003.png>]
Underfull \hbox (badness 10000) in paragraph at lines 1257--1259

 []


Underfull \hbox (badness 10000) in paragraph at lines 1266--1268

 []


Underfull \hbox (badness 10000) in paragraph at lines 1268--1270

 []


Underfull \hbox (badness 10000) in paragraph at lines 1273--1275

 []


Underfull \hbox (badness 10000) in paragraph at lines 1277--1279

 []


Underfull \hbox (badness 10000) in paragraph at lines 1289--1290

 []

[34]
Underfull \hbox (badness 10000) in paragraph at lines 1307--1312

 []


Overfull \hbox (374.24373pt too wide) in paragraph at lines 1321--1321
[]\OT1/cmtt/m/n/10 plot x0 + a*cos(t), y0 + b*sin(t) title "Ellisse C(2,4) a=8 
b=3" lw 2                                                                    []
 
 []


Underfull \hbox (badness 10000) in paragraph at lines 1323--1327

 []

[35]
Overfull \hbox (90.74496pt too wide) in paragraph at lines 1355--1355
[]\OT1/cmtt/m/n/10 plot x(t), y(t) with lines title sprintf("Ellisse ruotata di
 %d\TS1/cmtt/m/n/10 °\OT1/cmtt/m/n/10 ", angolo_deg) lw 2[] 
 []

<rotated_ellipse001.png, id=145, 642.4pt x 481.8pt>
File: rotated_ellipse001.png Graphic file (type png)
<use rotated_ellipse001.png>
Package pdftex.def Info: rotated_ellipse001.png  used on input line 1358.
(pdftex.def)             Requested size: 455.24408pt x 341.4408pt.

Overfull \hbox (110.24408pt too wide) in paragraph at lines 1358--1359
 [] 
 []

[36] [37 <./rotated_ellipse001.png>]
Overfull \hbox (90.0991pt too wide) in paragraph at lines 1411--1411
[]\OT1/cmtt/m/n/7 set arrow from x0 - a*cos(alpha), y0 - a*sin(alpha) to x0 + a
*cos(alpha), y0 + a*sin(alpha) nohead lc rgb "blue" dt 2[] 
 []


Overfull \hbox (86.38031pt too wide) in paragraph at lines 1411--1411
[]\OT1/cmtt/m/n/7 set arrow from x0 + b*sin(alpha), y0 - b*cos(alpha) to x0 - b
*sin(alpha), y0 + b*cos(alpha) nohead lc rgb "red" dt 2[] 
 []

<rotated_ellipse002.png, id=153, 642.4pt x 481.8pt>
File: rotated_ellipse002.png Graphic file (type png)
<use rotated_ellipse002.png>
Package pdftex.def Info: rotated_ellipse002.png  used on input line 1415.
(pdftex.def)             Requested size: 455.24408pt x 341.4408pt.

Overfull \hbox (110.24408pt too wide) in paragraph at lines 1415--1416
 [] 
 []


Underfull \hbox (badness 10000) in paragraph at lines 1421--1422

 []


Underfull \hbox (badness 10000) in paragraph at lines 1422--1423

 []

[38 <./rotated_ellipse002.png>]
Underfull \hbox (badness 10000) in paragraph at lines 1424--1425

 []


Underfull \hbox (badness 10000) in paragraph at lines 1425--1426

 []


Underfull \hbox (badness 10000) in paragraph at lines 1426--1427

 []


Overfull \hbox (15.82474pt too wide) in paragraph at lines 1435--1437
\OT1/cmr/m/n/10 Partiamo da una semi-cir-con-ferenza sit-u-ata nel pi-ano xz. P
os-si-amo parametriz-
 []


LaTeX Warning: `!h' float specifier changed to `!ht'.

[39]
Underfull \hbox (badness 10000) in paragraph at lines 1485--1486

 []


Underfull \hbox (badness 10000) in paragraph at lines 1492--1493

 []


Underfull \hbox (badness 10000) in paragraph at lines 1493--1496

 []

[40]
Overfull \hbox (22.94563pt too wide) in paragraph at lines 1506--1507
[]\OT1/cmr/m/n/10 Raggio: $\OML/cmm/m/it/10 R \OT1/cmr/m/n/10 = []$ (o $[]$). 
 []


Underfull \hbox (badness 10000) in paragraph at lines 1512--1513

 []


Overfull \hbox (8.51768pt too wide) in paragraph at lines 1531--1532
\OT1/cmr/m/n/10 Le co-or-di-nate di un punto $(\OML/cmm/m/it/10 R[]; R[]; R[]\O
T1/cmr/m/n/10 )$ su una sfera di rag-gio $\OML/cmm/m/it/10 r$ \OT1/cmr/m/n/10 c
en-trata nell'origine
 []


Overfull \hbox (14.89507pt too wide) in paragraph at lines 1533--1545
\OT1/cmr/m/n/10 In uno spazio tridi-men-sion-ale, la dis-tanza di un punto $(\O
ML/cmm/m/it/10 R[]; R[]; R[]\OT1/cmr/m/n/10 )$ dall'origine
 []

[41]
Underfull \hbox (badness 10000) in paragraph at lines 1545--1550

 []


Underfull \hbox (badness 10000) in paragraph at lines 1555--1575

 []


Overfull \hbox (12.33159pt too wide) in paragraph at lines 1575--1587
\OT1/cmr/m/n/10 cen-tro in $(0\OML/cmm/m/it/10 ; \OT1/cmr/m/n/10 0\OML/cmm/m/it
/10 ; \OT1/cmr/m/n/10 0)$ e rag-gio $\OML/cmm/m/it/10 r$ \OT1/cmr/m/n/10 sono d
e-scritte dalle equazioni $\OML/cmm/m/it/10 R[] \OT1/cmr/m/n/10 = \OML/cmm/m/it
/10 r []\OT1/cmr/m/n/10 (\OML/cmm/m/it/10 ^^R\OT1/cmr/m/n/10 ) [](\OML/cmm/m/it
/10 ^^^\OT1/cmr/m/n/10 )$,
 []


Underfull \hbox (badness 10000) in paragraph at lines 1575--1587

 []

[42]
Overfull \hbox (37.00443pt too wide) in paragraph at lines 1625--1625
 []\OT1/cmtt/m/n/7 ax.scatter([rx], [ry], [rz], color='red', s=100, label=f'Pun
to P({rx:.2f}, {ry:.2f}, {rz:.2f})')[] 
 []

<decomposition_3d_sphere.png, id=169, 867.24pt x 722.7pt>
File: decomposition_3d_sphere.png Graphic file (type png)
<use decomposition_3d_sphere.png>
Package pdftex.def Info: decomposition_3d_sphere.png  used on input line 1630.
(pdftex.def)             Requested size: 512.1496pt x 426.80835pt.

Overfull \hbox (167.1496pt too wide) in paragraph at lines 1630--1631
 [] 
 []

[43] [44 <./decomposition_3d_sphere.png>]
Overfull \hbox (2.3711pt too wide) in paragraph at lines 1644--1647
\OT1/cmr/m/n/10 Componente Ver-ti-cale: Es-sendo adi-a-cente all'angolo $\OML/c
mm/m/it/10 ^^R$\OT1/cmr/m/n/10 , si ha $\OML/cmm/m/it/10 R[] \OT1/cmr/m/n/10 = 
\OML/cmm/m/it/10 R []\OT1/cmr/m/n/10 (\OML/cmm/m/it/10 ^^R\OT1/cmr/m/n/10 )$. 
 []


Overfull \hbox (36.00932pt too wide) in paragraph at lines 1647--1651
\OT1/cmr/m/n/10 ple-mentare), quindi $\OML/cmm/m/it/10 R[] \OT1/cmr/m/n/10 = \O
ML/cmm/m/it/10 d []\OT1/cmr/m/n/10 (\OML/cmm/m/it/10 ^^^\OT1/cmr/m/n/10 )$. Sos
-tituendo $\OML/cmm/m/it/10 d$\OT1/cmr/m/n/10 , ot-te-ni-amo $\OT1/cmr/bx/n/10 
R[][] [] [] [] []$\OT1/cmr/m/n/10 . 
 []

<point_on_sphere_001.png, id=179, 1387.584pt x 800.0289pt>
File: point_on_sphere_001.png Graphic file (type png)
<use point_on_sphere_001.png>
Package pdftex.def Info: point_on_sphere_001.png  used on input line 1658.
(pdftex.def)             Requested size: 455.24408pt x 262.47221pt.

Overfull \hbox (110.24408pt too wide) in paragraph at lines 1658--1659
 [] 
 []

[45

]
Overfull \hbox (18.26923pt too wide) in paragraph at lines 1671--1678
\OT1/cmr/m/n/10 In As-trono-mia/Navigazione (Az-imut): Qui c'^^Re una sot-tile 
dif-ferenza. L'Azimut
 []


Overfull \hbox (26.75061pt too wide) in paragraph at lines 1671--1678
\OT1/cmr/m/n/10 soli-ta-mente parte dal Nord (che ^^Re la proiezione del polo s
ul pi-ano dell'osservatore)
 []


Underfull \hbox (badness 10000) in paragraph at lines 1671--1678

 []


Overfull \hbox (38.78448pt too wide) in paragraph at lines 1681--1696
 [] 
 []


LaTeX Warning: `!h' float specifier changed to `!ht'.


Underfull \hbox (badness 10000) in paragraph at lines 1699--1700

 []


Underfull \hbox (badness 10000) in paragraph at lines 1702--1704

 []

[46 <./point_on_sphere_001.png>]
Underfull \hbox (badness 10000) in paragraph at lines 1719--1724

 []


Overfull \hbox (106.84845pt too wide) in paragraph at lines 1738--1747
 [] 
 []


LaTeX Warning: `!h' float specifier changed to `!ht'.


Underfull \hbox (badness 10000) in paragraph at lines 1750--1755

 []

[47]
Underfull \hbox (badness 10000) in paragraph at lines 1783--1784

 []


Underfull \hbox (badness 10000) in paragraph at lines 1785--1787

 []

[48]
Underfull \hbox (badness 10000) in paragraph at lines 1788--1795

 []


Underfull \hbox (badness 10000) in paragraph at lines 1795--1797

 []


Underfull \hbox (badness 10000) in paragraph at lines 1797--1799

 []


Underfull \hbox (badness 10000) in paragraph at lines 1799--1802

 []


Underfull \hbox (badness 10000) in paragraph at lines 1804--1805

 []


Underfull \hbox (badness 10000) in paragraph at lines 1826--1827

 []

[49]
Underfull \hbox (badness 10000) in paragraph at lines 1827--1830

 []


Underfull \hbox (badness 10000) in paragraph at lines 1837--1841

 []


Underfull \hbox (badness 10000) in paragraph at lines 1842--1843

 []


Underfull \hbox (badness 10000) in paragraph at lines 1846--1848

 []


Underfull \hbox (badness 10000) in paragraph at lines 1849--1850

 []


Underfull \hbox (badness 10000) in paragraph at lines 1850--1852

 []


Underfull \hbox (badness 10000) in paragraph at lines 1855--1856

 []


Underfull \hbox (badness 10000) in paragraph at lines 1863--1864

 []

[50]
Underfull \hbox (badness 10000) in paragraph at lines 1874--1875

 []


Underfull \hbox (badness 10000) in paragraph at lines 1875--1878

 []


Underfull \hbox (badness 10000) in paragraph at lines 1882--1883

 []


Underfull \hbox (badness 10000) in paragraph at lines 1885--1886

 []

[51]
Underfull \hbox (badness 10000) in paragraph at lines 1921--1922

 []


Underfull \hbox (badness 10000) in paragraph at lines 1928--1929

 []


Underfull \hbox (badness 10000) in paragraph at lines 1947--1948

 []


Underfull \hbox (badness 10000) in paragraph at lines 1955--1956

 []

[52]
Underfull \hbox (badness 10000) in paragraph at lines 1958--1961

 []


Underfull \hbox (badness 10000) in paragraph at lines 1965--1967

 []


Underfull \hbox (badness 10000) in paragraph at lines 1968--1970

 []


Underfull \hbox (badness 10000) in paragraph at lines 1972--1973

 []


Underfull \hbox (badness 10000) in paragraph at lines 1976--1978

 []


Underfull \hbox (badness 10000) in paragraph at lines 1978--1980

 []

<ellissoide.png, id=208, 903.375pt x 702.625pt>
File: ellissoide.png Graphic file (type png)
<use ellissoide.png>
Package pdftex.def Info: ellissoide.png  used on input line 1984.
(pdftex.def)             Requested size: 455.24408pt x 354.08841pt.

Overfull \hbox (110.24408pt too wide) in paragraph at lines 1984--1985
 [] 
 []

<ellissoide_costruzione.png, id=209, 1003.75pt x 752.8125pt>
File: ellissoide_costruzione.png Graphic file (type png)
<use ellissoide_costruzione.png>
Package pdftex.def Info: ellissoide_costruzione.png  used on input line 1992.
(pdftex.def)             Requested size: 455.24408pt x 341.43895pt.

Overfull \hbox (110.24408pt too wide) in paragraph at lines 1992--1993
 [] 
 []

<ellissoide_geofisico.png, id=210, 1104.125pt x 803.0pt>
File: ellissoide_geofisico.png Graphic file (type png)
<use ellissoide_geofisico.png>
Package pdftex.def Info: ellissoide_geofisico.png  used on input line 2000.
(pdftex.def)             Requested size: 455.24408pt x 331.09456pt.

Overfull \hbox (110.24408pt too wide) in paragraph at lines 2000--2001
 [] 
 []


Underfull \hbox (badness 10000) in paragraph at lines 2005--2007

 []


Underfull \hbox (badness 10000) in paragraph at lines 2007--2009

 []

[53]
Underfull \hbox (badness 10000) in paragraph at lines 2021--2023

 []

[54 <./ellissoide.png>] [55 <./ellissoide_costruzione.png>] [56 <./ellissoide_g
eofisico.png>] [57]
Overfull \hbox (48.74657pt too wide) in paragraph at lines 2153--2153
[]   \OT1/cmtt/m/n/10 xC(u),yC(u),zC(u) with lines lw 3 title "Circonferenza ge
nerata da P", \[] 
 []

[58]
Underfull \hbox (badness 10000) in paragraph at lines 2159--2161

 []


Underfull \hbox (badness 10000) in paragraph at lines 2171--2172

 []


Underfull \hbox (badness 10000) in paragraph at lines 2191--2192

 []

[59] [60]
Overfull \hbox (32.9967pt too wide) in paragraph at lines 2269--2269
[]   \OT1/cmtt/m/n/10 x(u,v),y(u,v),z(u,v) with lines lw 1 title "Ellissoide pl
anetario", \[] 
 []


Overfull \hbox (27.74675pt too wide) in paragraph at lines 2269--2269
[]   \OT1/cmtt/m/n/10 xC(u),yC(u),zC(u) with lines lw 3 title "Parallelo genera
to da P", \[] 
 []


Underfull \hbox (badness 10000) in paragraph at lines 2296--2297

 []

[61]
Underfull \hbox (badness 10000) in paragraph at lines 2322--2323

 []

[62]
Underfull \hbox (badness 10000) in paragraph at lines 2354--2355

 []


Underfull \hbox (badness 10000) in paragraph at lines 2359--2360

 []


Underfull \hbox (badness 10000) in paragraph at lines 2363--2364

 []


Underfull \hbox (badness 10000) in paragraph at lines 2367--2368

 []


Underfull \hbox (badness 10000) in paragraph at lines 2372--2378

 []


Underfull \hbox (badness 10000) in paragraph at lines 2372--2378

 []


Underfull \hbox (badness 10000) in paragraph at lines 2379--2380

 []


Underfull \hbox (badness 10000) in paragraph at lines 2380--2381

 []


Underfull \hbox (badness 10000) in paragraph at lines 2381--2382

 []

[63]
Underfull \hbox (badness 10000) in paragraph at lines 2382--2383

 []


Underfull \hbox (badness 10000) in paragraph at lines 2384--2385

 []


Underfull \hbox (badness 10000) in paragraph at lines 2386--2388

 []


Underfull \hbox (badness 10000) in paragraph at lines 2388--2391

 []


Underfull \hbox (badness 10000) in paragraph at lines 2391--2393

 []


Underfull \hbox (badness 10000) in paragraph at lines 2394--2395

 []


Overfull \hbox (458.243pt too wide) in paragraph at lines 2398--2398
[]\OT1/cmtt/m/n/10 r_e(lat) = R_pol / sqrt(1.0 - (1.0 - (R_pol/R_eq)**2) * cos(
deg2rad(lat))**2)                                                              
              [] 
 []


Underfull \hbox (badness 10000) in paragraph at lines 2401--2403

 []


Underfull \hbox (badness 10000) in paragraph at lines 2404--2411

 []

[64]
Overfull \hbox (31.42119pt too wide) in paragraph at lines 2429--2440
 [] 
 []


Overfull \hbox (113.05789pt too wide) in paragraph at lines 2447--2473
 [] 
 []


Underfull \hbox (badness 10000) in paragraph at lines 2443--2483

 []


LaTeX Warning: `!h' float specifier changed to `!ht'.

[65]
Underfull \hbox (badness 10000) in paragraph at lines 2484--2485

 []


Underfull \hbox (badness 10000) in paragraph at lines 2485--2486

 []


Underfull \hbox (badness 10000) in paragraph at lines 2486--2487

 []


Underfull \hbox (badness 10000) in paragraph at lines 2487--2488

 []


Underfull \hbox (badness 10000) in paragraph at lines 2503--2511

 []

[66]
Underfull \hbox (badness 10000) in paragraph at lines 2512--2513

 []


Underfull \hbox (badness 10000) in paragraph at lines 2513--2514

 []


Underfull \hbox (badness 10000) in paragraph at lines 2517--2522

 []

[67]
Underfull \hbox (badness 10000) in paragraph at lines 2530--2534

 []

[68

]
Overfull \hbox (8.2856pt too wide) in paragraph at lines 2622--2622
[]        \OT1/cmtt/m/n/7 std::cout << "Coordinate 3D: X=" << p.x << ", Y=" << 
p.y << ", Z=" << p.z << std::endl;[] 
 []


Overfull \hbox (14.38019pt too wide) in paragraph at lines 2624--2635
\OT1/cmr/m/n/10 Se ricevi dati in for-mato Ovest, ri-corda di trasfor-marli (es
. $350[][] = \OMS/cmsy/m/n/10 ^^@\OT1/cmr/m/n/10 10[][]$). 
 []

[69]
Overfull \hbox (6.45203pt too wide) in paragraph at lines 2644--2645
[]\OT1/cmr/m/n/10 Raggio Equa-to-ri-ale Terra: $(\OML/cmm/m/it/10 R[] \OT1/cmr/
m/n/10 = 6378\OML/cmm/m/it/10 :\OT1/cmr/m/n/10 137 \OML/cmm/m/it/10 km\OT1/cmr/
m/n/10 )$ (mod-ello stan-dard WGS84) 
 []


Overfull \hbox (6.02841pt too wide) in paragraph at lines 2663--2665
\OT1/cmr/m/n/10 La proiezione geostazionaria nor-mal-iz-zata ^^Re un sis-tema d
i co-or-di-nate car-tografiche
 []


Overfull \hbox (10.82478pt too wide) in paragraph at lines 2663--2665
\OT1/cmr/m/n/10 so-pra l'equatore. Questa proiezione trasforma an-goli di vi-si
one (el-e-vazione/azimut)
 []

[70] [71]
Underfull \hbox (badness 10000) in paragraph at lines 2703--2705

 []


Underfull \hbox (badness 10000) in paragraph at lines 2711--2715

 []


Overfull \hbox (63.24669pt too wide) in paragraph at lines 2718--2718
 [] \OT1/cmtt/m/n/10 gdal_translate -gcp [Lon] [Lat] [X_pixel] [Y_pixel] ... (p
er 10 punti) \[] 
 []

[72]
Overfull \hbox (42.24687pt too wide) in paragraph at lines 2722--2722
 [] \OT1/cmtt/m/n/10 gdalwarp -t_srs EPSG:4326 immagine_con_metadati.tif mappa_
finale.tif[] 
 []


Underfull \hbox (badness 10000) in paragraph at lines 2727--2730

 []


Underfull \hbox (badness 10000) in paragraph at lines 2735--2736

 []

[73]
Underfull \hbox (badness 10000) in paragraph at lines 2754--2764

 []

[74]
Overfull \hbox (6.27754pt too wide) in paragraph at lines 2777--2778
[]\OT1/cmr/m/n/10 Off-Nadir (>0\TS1/cmr/m/n/10 °\OT1/cmr/m/n/10 ): Quando il se
n-sore viene in-cli-nato per os-ser-vare un'area
 []


Overfull \hbox (0.38951pt too wide) in paragraph at lines 2793--2794
[]\OT1/cmr/m/n/10 Vantaggi Op-er-a-tivi: Per-me-tte una mag-giore fre-quenza di
 riv-is-i-tazione
 []


Underfull \hbox (badness 10000) in paragraph at lines 2796--2800

 []


Overfull \hbox (3.71114pt too wide) in paragraph at lines 2800--2803
\OT1/cmr/m/n/10 Per con-ver-tire le co-or-di-nate nor-mal-iz-zate $(\OML/cmm/m/
it/10 x; y\OT1/cmr/m/n/10 )$ in co-or-di-nate pixel $(\OML/cmm/m/it/10 Px; Py\O
T1/cmr/m/n/10 )$
 []

[75]
Overfull \hbox (2.26125pt too wide) in paragraph at lines 2818--2836
\OT1/cmr/m/n/10 l'angolo $\OML/cmm/m/it/10 ^^M$ \OT1/cmr/m/n/10 della tua for-m
ula su-perer^^Ra il lim-ite fisico e il punto risul-ter^^Ra "nascosto". 
 []

[76]
Underfull \hbox (badness 10000) in paragraph at lines 2843--2847

 []

[77]
Underfull \hbox (badness 10000) in paragraph at lines 2873--2877

 []


Underfull \hbox (badness 10000) in paragraph at lines 2878--2879

 []


Underfull \hbox (badness 10000) in paragraph at lines 2880--2881

 []


Underfull \hbox (badness 10000) in paragraph at lines 2882--2884

 []


Underfull \hbox (badness 10000) in paragraph at lines 2884--2886

 []

[78]
Overfull \hbox (12.2367pt too wide) in paragraph at lines 2895--2902
\OT1/cmr/m/n/10 Questa proiezione ^^Re tec-ni-ca-mente chia-mata Proiezione Geo
stazionaria (o Proiezione
 []


Underfull \hbox (badness 10000) in paragraph at lines 2905--2911

 []


Overfull \hbox (17.21127pt too wide) in paragraph at lines 2911--2919
\OT1/cmr/m/n/10 L'angolo az-imu-tale si ri-cava soli-ta-mente tramite:$\OML/cmm
/m/it/10  \OT1/cmr/m/n/10 = 180[] + [] []$ 
 []


Underfull \hbox (badness 10000) in paragraph at lines 2911--2919

 []

[79]
Overfull \hbox (79.97292pt too wide) in paragraph at lines 2924--2935
 [] 
 []


Underfull \hbox (badness 10000) in paragraph at lines 2949--2955

 []

[80]
Underfull \hbox (badness 10000) in paragraph at lines 2955--2956

 []


Overfull \hbox (47.79211pt too wide) in paragraph at lines 2962--2964
\OT1/cmr/m/n/10 i dati di Roma:$^^A\OML/cmm/m/it/10 L \OT1/cmr/m/n/10 = 12\OML/
cmm/m/it/10 :\OT1/cmr/m/n/10 45[]$$[](41\OML/cmm/m/it/10 :\OT1/cmr/m/n/10 92[])
 \OMS/cmsy/m/n/10 ^^Y \OT1/cmr/m/n/10 0\OML/cmm/m/it/10 :\OT1/cmr/m/n/10 668$$[
](12\OML/cmm/m/it/10 :\OT1/cmr/m/n/10 45[]) \OMS/cmsy/m/n/10 ^^Y \OT1/cmr/m/n/1
0 0\OML/cmm/m/it/10 :\OT1/cmr/m/n/10 221$$[] \OMS/cmsy/m/n/10 ^^Y
 []


Underfull \hbox (badness 10000) in paragraph at lines 2962--2964

 []


Overfull \hbox (116.13068pt too wide) in paragraph at lines 3008--3008
[]\OT1/cmtt/m/n/7 ax.plot_wireframe(r_terra*np.cos(u)*np.sin(v), r_terra*np.sin
(u)*np.sin(v), r_terra*np.cos(v), color="lightblue", alpha=0.3)[] 
 []


Overfull \hbox (23.16078pt too wide) in paragraph at lines 3008--3008
[]\OT1/cmtt/m/n/7 ax.plot([x_r, x_s], [y_r, y_s], [z_r, z_s], color='red', labe
l='Linea di Vista (LOS)', linewidth=2)[] 
 []

[81]
Overfull \hbox (48.16081pt too wide) in paragraph at lines 3069--3069
 []\OT1/cmtt/m/n/7 ax.plot([x_r, x_s], [y_r, y_s], [z_r, z_s], color='red', lab
el='Linea di Vista (LOS)', linewidth=2)[] 
 []

<Earth_Rome_GEO.png, id=303, 722.7pt x 693.792pt>
File: Earth_Rome_GEO.png Graphic file (type png)
<use Earth_Rome_GEO.png>
Package pdftex.def Info: Earth_Rome_GEO.png  used on input line 3073.
(pdftex.def)             Requested size: 512.1496pt x 491.66415pt.

Overfull \hbox (167.1496pt too wide) in paragraph at lines 3073--3075
 [] 
 []

[82] [83 <./Earth_Rome_GEO.png>]
Overfull \hbox (25.84804pt too wide) in paragraph at lines 3118--3118
 []\OT1/cmtt/m/n/7 # La convenzione di Matplotlib per i grafici polari ^^Re ant
ioraria, quindi aggiustiamo l'angolo[] 
 []


Overfull \hbox (115.09914pt too wide) in paragraph at lines 3118--3118
 []\OT1/cmtt/m/n/7 angle_plot = np.radians(90 - azimut_deg) # Converti da [0-36
0 Clockwise from North] a [0-2pi Anticlockwise from East][] 
 []


Overfull \hbox (74.19142pt too wide) in paragraph at lines 3118--3118
 []\OT1/cmtt/m/n/7 ax.plot([0, angle_plot], [0, 1], color='red', linewidth=3, l
abel=f'Azimut: {azimut_deg:.1f}\TS1/cmtt/m/n/7 ° \OT1/cmtt/m/n/7 (Sud-Ovest)')[
] 
 []


Overfull \hbox (100.22395pt too wide) in paragraph at lines 3118--3118
 []\OT1/cmtt/m/n/7 ax.text(angle_plot/2, 0.6, 'Azimut', rotation=0, ha='center'
, va='center', color='darkorange', fontweight='bold')[] 
 []


Overfull \hbox (22.12924pt too wide) in paragraph at lines 3118--3118
 []\OT1/cmtt/m/n/7 ax.set_theta_direction(-1)      # Imposta la direzione in se
nso orario (come l'Azimut reale)[] 
 []


Overfull \hbox (81.62901pt too wide) in paragraph at lines 3118--3118
 []\OT1/cmtt/m/n/7 ax.set_title(f'Vista Orizzontale da Roma: Angolo di Azimut\n
Elevazione: {elevazione_deg:.1f}\TS1/cmtt/m/n/7 °\OT1/cmtt/m/n/7 ', va='bottom'
)[] 
 []

<romavsgeo_003.png, id=311, 578.16pt x 578.16pt>
File: romavsgeo_003.png Graphic file (type png)
<use romavsgeo_003.png>
Package pdftex.def Info: romavsgeo_003.png  used on input line 3133.
(pdftex.def)             Requested size: 341.43306pt x 341.42903pt.

Underfull \hbox (badness 10000) in paragraph at lines 3147--3148

 []

[84]
<Azimuth-Altitude_schematic_it.png, id=315, 1284.8pt x 1236.62pt>
File: Azimuth-Altitude_schematic_it.png Graphic file (type png)
<use Azimuth-Altitude_schematic_it.png>
Package pdftex.def Info: Azimuth-Altitude_schematic_it.png  used on input line 
3159.
(pdftex.def)             Requested size: 426.79134pt x 410.78416pt.

Overfull \hbox (81.79134pt too wide) in paragraph at lines 3159--3160
 [] 
 []


Overfull \hbox (2.4698pt too wide) in paragraph at lines 3155--3163
\OT1/cmr/m/n/10 us-are [][]\OT1/cmtt/m/n/10 ax.set_theta_direction(-1) []\OT1/c
mr/m/n/10 e [][]\OT1/cmtt/m/n/10 set_theta_zero_location('N')[]\OT1/cmr/m/n/10 
. Senza
 []


Overfull \hbox (0.97276pt too wide) in paragraph at lines 3165--3166
\OT1/cmr/m/n/10 Dato che stai la-vo-rando sulla geo-ref-eren-zi-azione, la scel
ta di queste due proiezioni
 []

[85 <./romavsgeo_003.png>] [86 <./Azimuth-Altitude_schematic_it.png>]
Underfull \hbox (badness 10000) in paragraph at lines 3177--3185

 []


Underfull \hbox (badness 10000) in paragraph at lines 3186--3194

 []


Underfull \hbox (badness 10000) in paragraph at lines 3194--3196

 []


Overfull \hbox (416.00882pt too wide) in paragraph at lines 3203--3203
 []\OT1/cmtt/m/n/7 gdalwarp -t_srs "+proj=eqc +lat_0=0 +lon_0=0 +a=3389500 +b=3
389500" input.tif output_mars_cyl.tif                                          
                                                     [] 
 []

[87]
Underfull \hbox (badness 10000) in paragraph at lines 3205--3209

 []


Overfull \hbox (442.04039pt too wide) in paragraph at lines 3211--3211
 []\OT1/cmtt/m/n/7 dalwarp -t_srs "+proj=ortho +lat_0=0 +lon_0=0 +a=1737100 +b=
1737100" input.tif output_moon_ortho.tif                                       
                                                            [] 
 []


Underfull \hbox (badness 10000) in paragraph at lines 3214--3216

 []


Underfull \hbox (badness 10000) in paragraph at lines 3217--3218

 []


Underfull \hbox (badness 10000) in paragraph at lines 3218--3219

 []


Underfull \hbox (badness 10000) in paragraph at lines 3225--3227

 []


Underfull \hbox (badness 10000) in paragraph at lines 3228--3234

 []


Overfull \hbox (394.00882pt too wide) in paragraph at lines 3236--3236
 []\OT1/cmtt/m/n/7 gdalwarp -t_srs "+proj=eqc +lat_0=0 +lon_0=0 +a=3389500 +b=3
389500" input.tif output_mars_cyl.tif                                          
                                                     [] 
 []


Underfull \hbox (badness 10000) in paragraph at lines 3238--3242

 []


Overfull \hbox (427.47798pt too wide) in paragraph at lines 3244--3244
 []\OT1/cmtt/m/n/7 gdalwarp -t_srs "+proj=ortho +lat_0=0 +lon_0=0 +a=1737100 +b
=1737100" input.tif output_moon_ortho.tif                                      
                                                              [] 
 []


Underfull \hbox (badness 10000) in paragraph at lines 3246--3248

 []

[88]
Underfull \hbox (badness 10000) in paragraph at lines 3250--3251

 []


Underfull \hbox (badness 10000) in paragraph at lines 3260--3261

 []


Underfull \hbox (badness 10000) in paragraph at lines 3262--3269

 []


Underfull \hbox (badness 10000) in paragraph at lines 3269--3275

 []

[89]
Overfull \hbox (3.65334pt too wide) in paragraph at lines 3275--3279
\OT1/cmr/m/n/10 Dato che i satel-liti plan-e-tari non sono fissi come i GEO, il
 cal-colo dell'azimut
 []


Underfull \hbox (badness 10000) in paragraph at lines 3275--3279

 []


Underfull \hbox (badness 10000) in paragraph at lines 3279--3281

 []


Underfull \hbox (badness 10000) in paragraph at lines 3283--3284

 []


Underfull \hbox (badness 10000) in paragraph at lines 3284--3285

 []


Underfull \hbox (badness 10000) in paragraph at lines 3285--3286

 []


Underfull \hbox (badness 10000) in paragraph at lines 3293--3295

 []

[90]
Underfull \hbox (badness 10000) in paragraph at lines 3296--3297

 []


Underfull \hbox (badness 10000) in paragraph at lines 3297--3298

 []


Underfull \hbox (badness 10000) in paragraph at lines 3298--3299

 []


Underfull \hbox (badness 10000) in paragraph at lines 3300--3303

 []


Underfull \hbox (badness 10000) in paragraph at lines 3303--3307

 []

[91]
Overfull \hbox (34.31717pt too wide) in paragraph at lines 3335--3335
[]\OT1/cmtt/m/n/7 gdal_translate -a_srs "+proj=geos +h=35785831 +lon_0=0 +x_0=0
 +y_0=0 +ellps=WGS84 +units=m +no_defs" \[] 
 []

(./gemini_earth_ortographic_001.bbl [92]) (./gemini_earth_ortographic_001.ind
[93] [94


]) (./gemini_earth_ortographic_001.aux) ) 
Here is how much of TeX's memory you used:
 2296 strings out of 480163
 37603 string characters out of 5894093
 341655 words of memory out of 5000000
 20214 multiletter control sequences out of 15000+600000
 478445 words of font info for 60 fonts, out of 8000000 for 9000
 59 hyphenation exceptions out of 8191
 55i,11n,62p,1242b,437s stack positions out of 5000i,500n,10000p,200000b,80000s
{/usr/share/texmf/fonts/enc/dvips/cm-s
uper/cm-super-ts1.enc} </home/francesco/.texlive2021/texmf-var/fonts/pk/ljfour/
jknappen/ec/tctt0800.525pk></usr/share/texlive/texmf-dist/fonts/type1/public/am
sfonts/cm/cmbx10.pfb></usr/share/texlive/texmf-dist/fonts/type1/public/amsfonts
/cm/cmbx12.pfb></usr/share/texlive/texmf-dist/fonts/type1/public/amsfonts/cm/cm
bx7.pfb></usr/share/texlive/texmf-dist/fonts/type1/public/amsfonts/cm/cmbx9.pfb
></usr/share/texlive/texmf-dist/fonts/type1/public/amsfonts/cm/cmex10.pfb></usr
/share/texlive/texmf-dist/fonts/type1/public/amsfonts/cm/cmmi10.pfb></usr/share
/texlive/texmf-dist/fonts/type1/public/amsfonts/cm/cmmi12.pfb></usr/share/texli
ve/texmf-dist/fonts/type1/public/amsfonts/cm/cmmi5.pfb></usr/share/texlive/texm
f-dist/fonts/type1/public/amsfonts/cm/cmmi7.pfb></usr/share/texlive/texmf-dist/
fonts/type1/public/amsfonts/cm/cmr10.pfb></usr/share/texlive/texmf-dist/fonts/t
ype1/public/amsfonts/cm/cmr12.pfb></usr/share/texlive/texmf-dist/fonts/type1/pu
blic/amsfonts/cm/cmr17.pfb></usr/share/texlive/texmf-dist/fonts/type1/public/am
sfonts/cm/cmr5.pfb></usr/share/texlive/texmf-dist/fonts/type1/public/amsfonts/c
m/cmr7.pfb></usr/share/texlive/texmf-dist/fonts/type1/public/amsfonts/cm/cmr9.p
fb></usr/share/texlive/texmf-dist/fonts/type1/public/amsfonts/cm/cmsy10.pfb></u
sr/share/texlive/texmf-dist/fonts/type1/public/amsfonts/cm/cmsy7.pfb></usr/shar
e/texlive/texmf-dist/fonts/type1/public/amsfonts/cm/cmti10.pfb></usr/share/texl
ive/texmf-dist/fonts/type1/public/amsfonts/cm/cmti9.pfb></usr/share/texlive/tex
mf-dist/fonts/type1/public/amsfonts/cm/cmtt10.pfb></usr/share/texlive/texmf-dis
t/fonts/type1/public/amsfonts/cm/cmtt8.pfb></usr/share/texmf/fonts/type1/public
/cm-super/sfrm1000.pfb></usr/share/texmf/fonts/type1/public/cm-super/sftt1000.p
fb>
Output written on gemini_earth_ortographic_001.pdf (94 pages, 1993171 bytes).
PDF statistics:
 457 PDF objects out of 1000 (max. 8388607)
 284 compressed objects within 3 object streams
 0 named destinations out of 1000 (max. 500000)
 91 words of extra memory for PDF output out of 10000 (max. 10000000)

