We want to show a comprehensive physics lesson covering Kepler's three laws and Newton's law of universal gravitation, including how they interconnect. They specifically asked for examples and computations, so the response needs to be educational yet practical.

I should structure this logically: start with Kepler's laws, explaining each with clear examples and calculations, then introduce Newton's law, and finally show how Newton's law mathematically validates Kepler's laws. The tone should be engaging but precise, avoiding unnecessary jargon unless explained.

For Kepler's first law, I can use an elliptical orbit example with aphelion and perihelion distances. For the second law, a comparative area calculation would work. The third law needs a simple ratio example. Newton's law should derive gravity's role, then link back to Kepler's third law with a clear mathematical proof.

The challenge is balancing depth with accessibility—keeping the math clear without oversimplifying the physics. I'll use concrete numbers (like Earth-Sun distances) to make it relatable.

Of course! Here is a comprehensive physics lesson on Kepler's Laws and Newton's Law of Universal Gravitation, complete with examples, computations, and an explanation of how they beautifully fit together.

---

### **Physics Lesson: Kepler's Laws & Newton's Universal Gravitation**

#### **Part 1: Kepler's Three Laws of Planetary Motion**

In the early 1600s, Johannes Kepler analyzed the precise astronomical observations of Tycho Brahe. He discovered three empirical laws that described planetary motion with remarkable accuracy, moving away from the ancient idea of perfect circular orbits.

**Kepler's First Law (The Law of Ellipses):**
> The orbit of a planet is an ellipse with the Sun at one focus.

*   **Key Concept:** An ellipse is an oval shape with two focal points (foci). The Sun is not at the center but at one of these foci. The degree of "oval-ness" is measured by eccentricity (**e**). A circle has e=0; most planetary orbits are nearly circular (e.g., Earth's e ≈ 0.0167).



**Kepler's Second Law (The Law of Equal Areas):**
> A line segment joining a planet and the Sun sweeps out equal areas during equal intervals of time.

*   **Key Concept:** A planet moves faster when it is closer to the Sun (perihelion) and slower when it is farther away (aphelion). The rate at which it "sweeps out area" is constant.



**Kepler's Third Law (The Harmonic Law):**
> The square of the orbital period (**T**) of a planet is directly proportional to the cube of the semi-major axis (**a**) of its orbit.
>
> **Formula:** \( T^2 \propto a^3 \) or, more precisely, \( \frac{T^2}{a^3} = \text{constant} \) for all planets orbiting the same central body.

*   **Key Concept:** This law provides a precise relationship between a planet's distance from the Sun and the time it takes to complete one orbit. The farther a planet is, the longer its year.

---

#### **Example 1: Applying Kepler's Third Law**

**Problem:** Mars has an orbital period of about 1.88 Earth-years. The semi-major axis of Earth's orbit is 1 Astronomical Unit (AU). What is the semi-major axis of Mars' orbit in AU?

**Solution:**
Using Kepler's Third Law, \( \frac{T^2}{a^3} \) is constant for all planets orbiting the Sun. We can set up a ratio using Earth's values as a reference.

For Earth: \( T_{earth} = 1 \, \text{year} \), \( a_{earth} = 1 \, \text{AU} \)
For Mars: \( T_{mars} = 1.88 \, \text{years} \), \( a_{mars} = ? \)

\[
\frac{T_{earth}^2}{a_{earth}^3} = \frac{T_{mars}^2}{a_{mars}^3}
\]
\[
\frac{1^2}{1^3} = \frac{(1.88)^2}{a_{mars}^3}
\]
\[
1 = \frac{3.5344}{a_{mars}^3}
\]
\[
a_{mars}^3 = 3.5344
\]
\[
a_{mars} = \sqrt[3]{3.5344} \approx 1.52 \, \text{AU}
\]

**Answer:** Mars is, on average, 1.52 times farther from the Sun than Earth is.

---

#### **Part 2: Newton's Law of Universal Gravitation**

About 50 years after Kepler, Isaac Newton formulated his law of universal gravitation, which explains *why* Kepler's laws work.

> Every particle in the universe attracts every other particle with a force that is directly proportional to the product of their masses and inversely proportional to the square of the distance between their centers.
>
> **Formula:** \( F = G \frac{m_1 m_2}{r^2} \)

*   **F** is the gravitational force (Newtons, N)
*   **G** is the universal gravitational constant (\( 6.67430 \times 10^{-11} \, \text{N·m}^2/\text{kg}^2 \))
*   **m₁** and **m₂** are the masses of the two objects (kilograms, kg)
*   **r** is the distance between their centers (meters, m)

---

#### **Example 2: Calculating Gravitational Force**

**Problem:** What is the gravitational force of attraction between the Earth and the Moon?
*   Mass of Earth, \( M_E = 5.97 \times 10^{24} \, \text{kg} \)
*   Mass of Moon, \( M_M = 7.35 \times 10^{22} \, \text{kg} \)
*   Average distance between centers, \( r = 3.84 \times 10^8 \, \text{m} \)

**Solution:**
\[
F = G \frac{M_E M_M}{r^2}
\]
\[
F = (6.67430 \times 10^{-11}) \frac{(5.97 \times 10^{24})(7.35 \times 10^{22})}{(3.84 \times 10^8)^2}
\]
First, calculate the numerator: \( (5.97 \times 10^{24}) \times (7.35 \times 10^{22}) = 4.387 \times 10^{47} \)
Then the denominator: \( (3.84 \times 10^8)^2 = 1.475 \times 10^{17} \)
Now, \( \frac{4.387 \times 10^{47}}{1.475 \times 10^{17}} = 2.976 \times 10^{30} \)
Finally, \( (6.67430 \times 10^{-11}) \times (2.976 \times 10^{30}) \approx 1.98 \times 10^{20} \, \text{N} \)

**Answer:** The gravitational force between the Earth and Moon is approximately \( 2.0 \times 10^{20} \, \text{Newtons} \). This immense force is what keeps the Moon in orbit.

---

#### **Part 3: How Newton's Law Explains Kepler's Laws**

Newton showed that his law of gravitation, when combined with his laws of motion, *predicts* Kepler's empirical laws.

**1. Explaining Kepler's First Law (Elliptical Orbits):**
Newton demonstrated that the inverse-square nature of the gravitational force (\( F \propto 1/r^2 \)) necessarily leads to **conic sections** as the possible orbits. An ellipse is one type of conic section. The other solutions (like parabolas and hyperbolas) describe the paths of objects that are not gravitationally bound, like some comets.

**2. Explaining Kepler's Second Law (Equal Areas):**
This is a consequence of the **conservation of angular momentum**. The gravitational force is a *central force*; it always acts along the line connecting the planet to the Sun. A central force exerts zero torque, meaning angular momentum must be conserved. Newton showed that constant angular momentum is mathematically equivalent to the "equal areas in equal times" rule.

**3. Deriving Kepler's Third Law (from Newton's Law):**

This is the most powerful connection. Let's derive it for a circular orbit (a special case of an ellipse where the semi-major axis 'a' is the radius 'r').

For a planet of mass \( m \) orbiting the Sun of mass \( M_S \) at a distance \( r \), two things are true:
1.  **Newton's 2nd Law:** The gravitational force provides the centripetal force: \( G \frac{M_S m}{r^2} = m a_c \)
2.  **Centripetal Acceleration:** \( a_c = \frac{v^2}{r} \)

Substituting (2) into (1):
\[
G \frac{M_S m}{r^2} = m \frac{v^2}{r}
\]
Cancel \( m \) and one \( r \):
\[
G \frac{M_S}{r} = v^2
\]

The orbital velocity \( v \) is the circumference (\( 2\pi r \)) divided by the period (\( T \)): \( v = \frac{2\pi r}{T} \)

Substitute for \( v^2 \):
\[
G \frac{M_S}{r} = \left( \frac{2\pi r}{T} \right)^2
\]
\[
G \frac{M_S}{r} = \frac{4\pi^2 r^2}{T^2}
\]
Now, rearrange to get \( T^2 \) on one side:
\[
T^2 = \frac{4\pi^2 r^2}{G M_S} \cdot r
\]
\[
T^2 = \left( \frac{4\pi^2}{G M_S} \right) r^3
\]

Since for an ellipse, we use the semi-major axis \( a \), the general form is:
\[
\boxed{T^2 = \frac{4\pi^2}{G M_S} a^3}
\]

This is Kepler's Third Law! Notice that \( \frac{4\pi^2}{G M_S} \) is a **constant** because G and the mass of the Sun are constant. Therefore, \( T^2 \propto a^3 \), exactly as Kepler stated.

---

#### **Summary**

*   **Kepler** described *how* the planets move (kinematics).
*   **Newton** explained *why* they move that way by providing the underlying force (dynamics).
*   Newton's Law of Universal Gravitation is the fundamental principle that, when applied, mathematically predicts and validates all three of Kepler's Laws.

This elegant connection between observation and theory is a cornerstone of classical physics and our understanding of the cosmos.

