Thinking...
We are discussing the second multiplot in the script, which shows a 60° rotation around the Z axis.
 The rotation is applied to the cube data. The rotation matrix for a rotation around the Z axis by an angle θ (theta2) is:
   x' = x*cos(θ) - y*sin(θ)
   y' = x*sin(θ) + y*cos(θ)
   z' = z

 The question is about the angle between the cube's edge projection on the XY plane and the X and Y axes.

 Let's consider an edge of the cube that originally was parallel to the X axis. For example, a vector along the X axis: (1, 0, 0).
 After rotation by θ=60°, this vector becomes:
   x' = 1*cos(60) - 0*sin(60) = cos(60) = 0.5
   y' = 1*sin(60) + 0*cos(60) = sin(60) ≈ 0.866
   z' = 0

 So the projected vector on the XY plane is (0.5, 0.866). The angle of this vector with the X-axis (which is (1,0)) is given by arctan(y'/x') = arctan(0.866/0.5) = arctan(1.732) ≈ 60°.

 Similarly, the angle with the Y-axis: the Y-axis is (0,1). The angle between the rotated vector and the Y-axis can be found by taking the dot product:
   (0.5, 0.866) · (0,1) = 0.866
   The magnitude of the rotated vector is sqrt(0.5^2+0.866^2)=1, and the magnitude of the Y-axis vector is 1.
   So the angle is arccos(0.866) ≈ 30°.

 Therefore, yes, the edge that was originally along the X-axis, after a 60° rotation around Z, makes an angle of 60° with the X-axis and 30° with the Y-axis.

 However, note that the cube has edges along the X, Y, and Z directions. The edges that were originally along the X and Y axes will rotate by 60° in the XY plane. The edges that were along the Z axis remain unchanged in direction (still parallel to Z).

 So, in the second plot (60° rotation around Z), the projections of the edges that were originally along the X and Y axes will now be at 60° and 30° relative to the X and Y axes, respectively, as explained.

 But note: the cube has multiple edges. The edge that was along the X axis will now be at 60° to the X-axis and 30° to the Y-axis. The edge that was along the Y axis will be rotated by 60° as well. Let's check the Y-axis edge:

 Original vector along Y: (0,1,0)
 After rotation:
   x' = 0*cos(60) - 1*sin(60) = -sin(60) ≈ -0.866
   y' = 0*sin(60) + 1*cos(60) = cos(60) = 0.5
   So the vector is (-0.866, 0.5). The angle with the X-axis: arctan(0.5/0.866) but note the negative x, so it's in the second quadrant. The angle from the positive X-axis is 180-30=150°. The angle with the Y-axis: the Y-axis is (0,1). The dot product: (-0.866,0.5)·(0,1)=0.5, so the angle is arccos(0.5)=60°. So the edge that was along the Y-axis now makes 60° with the Y-axis and 150° with the X-axis.

 So, in summary, for the 60° rotation around Z:

 - The edge that was along X: makes 60° with X and 30° with Y.
 - The edge that was along Y: makes 60° with Y and 150° with X (which is 30° with the negative X-axis).

 The script's second plot shows the cube after this rotation. The angles we see between the projected edges and the axes should be as calculated.

 However, note that the plot is a 3D plot with a particular view (60,45,1.2,1) and equal axes. The perspective might affect how we perceive the angles, but the projection of the edges onto the XY plane (if we look from above, i.e., along the Z-axis) would show these angles. But the plot is not necessarily from above; it's from an angle of 60° above the XY plane and 45° rotation in the plane. So the apparent angles in the plot might be distorted by the perspective.

 But the question is about the projection on the XY plane. In the 3D plot, the axes are drawn in 3D and the cube is drawn in 3D. The projection of the cube's edges on the XY plane is not explicitly drawn, but we can imagine it by ignoring the Z-coordinate. However, the plot is a 3D plot, so the lines are drawn in 3D and the perspective projection is applied. Therefore, the angles we see on the screen are not the same as the true angles in the XY plane because of the 3D view.

 If we want to see the true angles in the XY plane, we should set the view to look directly down the Z-axis: set view 0,0,1,1. But in the script, the view is set to 60,45,1.2,1.

 So, to answer the question: Yes, the true projection of the rotated edge (originally along X) on the XY plane makes 60° with the X-axis and 30° with the Y-axis. But in the 3D plot with the given view, the apparent angles might be different due to perspective.

 If you want to verify the angles, you might want to change the view to a top-down view (set view 0,0) for one of the plots.

 Let me adjust the script to create two additional plots with a top-down view to clearly show the XY plane projection.

 We'll create a new file for the top-down view.

 Alternatively, we can add a third multiplot to the same script to show the top-down view.

 But note: the user's question is about the existing script. We are just explaining the angles.

 Since the user is asking about the script they provided, we can confirm that the calculation is correct and the angles in the XY plane are 60° and 30° as described.

 However, if the user wants to see the true angles, they might need to change the view.

 Let me modify the script to include a top-down view for the 60° rotation.

 We'll create a new output file and set the view to 0,0 (top-down).

 But note: the original script already produces two multiplots. We are going to add a third one? Or replace the second one?

 Since the user might want to see both, we can create an additional multiplot with top-down view.

 Let's do:

 First multiplot: original and 60° rotation with the same 3D view as before.
 Second multiplot: top-down view of the original and 60° rotation.

 We'll change the script as follows:

 ... [keep the first two multiplots] ...

 Then:

 set output "3d_rotation_topdown.png"
 set multiplot layout 1,2 spacing 20

 set view 0,0  # Top-down view, along Z-axis

 # First plot: Original cube (top-down)
 set title "Original Cube (Top-Down View)" offset 0,-1
 set xlabel "X Axis" offset 0,1
 set ylabel "Y Axis" offset 0,1
 set zlabel "Z Axis" rotate by 90 offset -1,0
 # Since we are looking along Z, the Z coordinate will be ignored in the projection, but the plot is still 3D.
 splot 'cube.dat' using 1:2:3 with lines title "" lw 2

 # Second plot: Rotated cube (top-down)
 set title "Cube Rotated 60° around Z Axis (Top-Down)" offset 0,-1
 set xlabel "X Axis" offset 0,1
 set ylabel "Y Axis" offset 0,1
 set zlabel "Z Axis" rotate by 90 offset -1,0
 splot 'cube.dat' using ($1*cos(theta2) - $2*sin(theta2)):($1*sin(theta2) + $2*cos(theta2)):3 with lines title "" lw 2

 unset multiplot

 But note: in top-down view, the Z coordinate is ignored because we are looking from Z infinity. So the plot is effectively a 2D projection. The cube's edges that are parallel to Z will appear as points (if the cube is drawn with lines, the vertical lines will be points). But the cube data file 'cube.dat' probably has the edges of the cube. If it is drawn with lines, the vertical lines will be drawn as points because the Z coordinate is the same for the top and bottom? Actually, the cube data file should have the 12 edges of the cube. In top-down view, the top and bottom faces will overlap, and the vertical edges will be points.

 Alternatively, we can plot only the top face or bottom face to avoid confusion.

 But let's assume the cube data file is standard and drawn with lines. The top-down view will show the XY projection.

 This will clearly show the rotation angle in the XY plane.

 Let me write the full modified script.
...done thinking.

You're correct in your observation! Let me explain what's happening with the rotation.

In the script, the 60° rotation is applied **only around the Z-axis** using this transformation:
```gnuplot
($1*cos(theta2) - $2*sin(theta2)):($1*sin(theta2) + $2*cos(theta2)):3
```

This is a rotation matrix for rotation around the Z-axis by angle θ:
```
[ cosθ  -sinθ  0 ]
[ sinθ   cosθ  0 ]
[  0      0    1 ]
```

For θ = 60°:
- An edge originally aligned with the X-axis will rotate to make a 60° angle with the X-axis
- The same edge will make a 30° angle with the Y-axis (since 90° - 60° = 30°)

However, there's a **key point** about the visualization: In a 3D perspective view, the apparent angles you see on the 2D screen are affected by:
1. The 3D perspective (`set view 60, 45, 1.2, 1`)
2. The fact that we're looking at the cube from an angle, not straight down the Z-axis

So while mathematically the projection onto the XY-plane has the 60°/30° relationship you described, the perspective distortion in the 3D view might make these angles appear different on screen.

If you want to see the true XY-plane projection angles, you could add a third view with:
```gnuplot
set view 0, 0  # Look straight down the Z-axis
```

This would show the pure 2D projection where the angles would be exactly 60° and 30° as you calculated.

Great observation about the geometric relationship!

