Thinking...
We are going to check the Python script that was used to generate the cube.dat file.
 The cube.dat file should contain the coordinates of the 8 vertices of a cube, and then the same vertices repeated to draw the edges.

 The cube vertices are typically defined as:
   v0 = (-1, -1, -1)
   v1 = (1, -1, -1)
   v2 = (1, 1, -1)
   v3 = (-1, 1, -1)
   v4 = (-1, -1, 1)
   v5 = (1, -1, 1)
   v6 = (1, 1, 1)
   v7 = (-1, 1, 1)

 Then, we draw the edges by connecting the vertices in pairs. There are 12 edges.

 The expected edges are:
   Bottom: (v0, v1), (v1, v2), (v2, v3), (v3, v0)
   Top:    (v4, v5), (v5, v6), (v6, v7), (v7, v4)
   Sides: (v0, v4), (v1, v5), (v2, v6), (v3, v7)

 The file should have 24 lines (12 edges, each edge is two points) and each line has three coordinates.

 Let's check the Python script that generated cube.dat.
...done thinking.

I'm glad to hear the Gnuplot script worked well for visualizing the cube! 

However, I don't see the Python script in our current conversation that you'd like me to check. Could you please share the Python code you're referring to so I can review it?

If you haven't written the Python script yet but are planning to create one that generates the cube.dat file, I'd be happy to help you write it. A typical Python script for this would:

1. Define the 8 vertices of a cube
2. Define the 12 edges connecting those vertices
3. Write the coordinates in the format expected by the Gnuplot script

Please share the Python code you'd like me to review!

