
We are going to create a program that animates a composite rotation around the three axes (X, Y, Z) simultaneously.
 The idea is to rotate the cube by a certain angle around each axis in each frame, so that by the end of the animation, the cube has been rotated by a total of 360 degrees around each axis (or any other desired total angles).

 We can define a total rotation angle for each axis (for example, 2*pi for a full rotation) and then break it down into steps.

 We'll modify the existing code to include a function that rotates the cube around all three axes by a given set of angles.

 Steps:
 1. We'll define a function that rotates a point around X, Y, and Z by given angles (in radians).
 2. We'll create an animation function that, for each frame, computes the current rotation angles (increasing from 0 to the total desired rotation for each axis) and then rotates the cube accordingly.
 3. We'll plot the cube for each frame.

 We can choose the total rotations for each axis. For example, we can set:
   total_rotation_x = 2*M_PI, total_rotation_y = 2*M_PI, total_rotation_z = 2*M_PI
 and then for each frame, we'll compute:
   current_angle_x = (total_rotation_x * frame) / total_frames
   current_angle_y = (total_rotation_y * frame) / total_frames
   current_angle_z = (total_rotation_z * frame) / total_frames

 Then we rotate the cube by current_angle_x around X, then by current_angle_y around Y, then by current_angle_z around Z (or in any order, but we'll do X, then Y, then Z).

 Alternatively, we can rotate in a different order. The order matters because rotations are not commutative. We'll stick to the order X, Y, Z.

 Let's write the function for composite rotation:

   void rotate_xyz(double *point, double angle_x, double angle_y, double angle_z) {
        rotate_x(point, angle_x);
        rotate_y(point, angle_y);
        rotate_z(point, angle_z);
   }

 But note: the existing rotate functions modify the point in place. So we can call them sequentially.

 We'll create a new animation function for the composite rotation.

 We also need to adjust the title to show the current angles for each axis.

 Let's code accordingly.
...done thinking.

Here's a modified program that creates a composite 3-axes rotation animation:

```c
/* c gnuplot animation - Composite 3-Axes Rotation */
#include <stdio.h>
#include <stdlib.h>
#include <string.h>
#include <math.h>
#include <unistd.h>
#include "gnuplot_i.h"

#ifndef M_PI
#define M_PI 3.14159265358979323846
#endif

// Cube vertices (8 vertices) - centered at origin
double cube_vertices[8][3] = {
    {1, 1, 1},    // 0
    {1, -1, 1},   // 1
    {-1, -1, 1},  // 2
    {-1, 1, 1},   // 3
    {1, 1, -1},   // 4
    {1, -1, -1},  // 5
    {-1, -1, -1}, // 6
    {-1, 1, -1}   // 7
};

// Cube edges (12 edges connecting vertices)
int cube_edges[12][2] = {
    {0, 1}, {1, 2}, {2, 3}, {3, 0},  // Top face
    {4, 5}, {5, 6}, {6, 7}, {7, 4},  // Bottom face
    {0, 4}, {1, 5}, {2, 6}, {3, 7}   // Vertical edges
};

// Function to rotate a point around X axis
void rotate_x(double *point, double angle) {
    double y = point[1];
    double z = point[2];
    point[1] = y * cos(angle) - z * sin(angle);
    point[2] = y * sin(angle) + z * cos(angle);
}

// Function to rotate a point around Y axis
void rotate_y(double *point, double angle) {
    double x = point[0];
    double z = point[2];
    point[0] = x * cos(angle) + z * sin(angle);
    point[2] = -x * sin(angle) + z * cos(angle);
}

// Function to rotate a point around Z axis
void rotate_z(double *point, double angle) {
    double x = point[0];
    double y = point[1];
    point[0] = x * cos(angle) - y * sin(angle);
    point[1] = x * sin(angle) + y * cos(angle);
}

// Composite rotation function - applies rotation in X, Y, Z order
void rotate_xyz(double *point, double angle_x, double angle_y, double angle_z) {
    rotate_x(point, angle_x);
    rotate_y(point, angle_y);
    rotate_z(point, angle_z);
}

// Function to plot cube edges
void plot_cube(gnuplot_ctrl *handle, double vertices[8][3]) {
    char cmd[2048];
    char point_str[256];
    int edge_count = 0;

    // Start building the splot command
    strcpy(cmd, "splot ");

    // Add each edge to the command
    for (int i = 0; i < 12; i++) {
        int v1 = cube_edges[i][0];
        int v2 = cube_edges[i][1];

        // Format the two points for this edge
        if (edge_count > 0) strcat(cmd, ", ");

        sprintf(point_str, "'-' u 1:2:3 with lines lw 2 notitle");
        strcat(cmd, point_str);
        edge_count++;
    }

    // Send the plot command
    gnuplot_cmd(handle, "%s", cmd);

    // Send the data for each edge
    for (int i = 0; i < 12; i++) {
        int v1 = cube_edges[i][0];
        int v2 = cube_edges[i][1];

        // Send the two points for this edge
        gnuplot_cmd(handle, "%g %g %g", vertices[v1][0], vertices[v1][1], vertices[v1][2]);
        gnuplot_cmd(handle, "%g %g %g", vertices[v2][0], vertices[v2][1], vertices[v2][2]);
        gnuplot_cmd(handle, "e"); // End of data for this dataset
    }
}

// Function to set up gnuplot parameters
void setup_gnuplot(gnuplot_ctrl *handle) {
    gnuplot_cmd(handle, "set xyplane at 0");
    gnuplot_cmd(handle, "set view 60, 30, 1.5, 1");
    gnuplot_cmd(handle, "set border 4095");
    gnuplot_cmd(handle, "set ticslevel 0");
    gnuplot_cmd(handle, "set xrange [-2:2]");
    gnuplot_cmd(handle, "set yrange [-2:2]");
    gnuplot_cmd(handle, "set zrange [-2:2]");
    gnuplot_cmd(handle, "set xlabel 'X Axis'");
    gnuplot_cmd(handle, "set ylabel 'Y Axis'");
    gnuplot_cmd(handle, "set zlabel 'Z Axis'");
    gnuplot_cmd(handle, "set key off");
}

// Composite rotation animation function
void animate_composite_rotation(gnuplot_ctrl *handle, int gif_mode, int total_frames) {
    double current_vertices[8][3];
    
    // Define final rotation angles (in radians)
    double final_angle_x = M_PI;      // 180 degrees
    double final_angle_y = M_PI/2;    // 90 degrees
    double final_angle_z = M_PI/4;    // 45 degrees

    for (int frame = 0; frame <= total_frames; frame++) {
        // Calculate intermediate angles for this frame
        double progress = (double)frame / total_frames;
        double angle_x = progress * final_angle_x;
        double angle_y = progress * final_angle_y;
        double angle_z = progress * final_angle_z;

        // Copy and rotate vertices using composite rotation
        memcpy(current_vertices, cube_vertices, sizeof(cube_vertices));
        for (int j = 0; j < 8; j++) {
            rotate_xyz(current_vertices[j], angle_x, angle_y, angle_z);
        }

        gnuplot_resetplot(handle);
        gnuplot_cmd(handle, "set title 'Composite Rotation: X:%.0f° Y:%.0f° Z:%.0f° (Frame %d/%d)'",
                    angle_x * 180/M_PI, angle_y * 180/M_PI, angle_z * 180/M_PI,
                    frame, total_frames);
        plot_cube(handle, current_vertices);

        if (!gif_mode) {
            usleep(100000); // 100ms delay
        }
    }
}

int main(int argc, char *argv[]) {
    gnuplot_ctrl *handle;
    int gif_mode = 0;
    char *output_file = "composite_rotation.gif";
    int total_frames = 72; // More frames for smoother composite animation

    // Check for GIF output option
    if (argc > 1) {
        if (strcmp(argv[1], "gif") == 0) {
            gif_mode = 1;
            if (argc > 2) {
                output_file = argv[2];
            }
        }
    }

    printf("*** 3D Composite Rotation Animation ***\n");
    handle = gnuplot_init();

    // Set up GIF output if requested
    if (gif_mode) {
        printf("Creating GIF animation: %s\n", output_file);
        gnuplot_cmd(handle, "set terminal gif animate optimize delay 5 size 800,600");
        gnuplot_cmd(handle, "set output '%s'", output_file);
    } else {
        // Use wxt terminal for interactive display
        gnuplot_setterm(handle, "wxt", 800, 600);
    }

    setup_gnuplot(handle);

    printf("Animating composite rotation (X:180°, Y:90°, Z:45°)...\n");
    animate_composite_rotation(handle, gif_mode, total_frames);

    if (gif_mode) {
        gnuplot_cmd(handle, "set output"); // Close GIF file
        printf("Animation saved to %s\n", output_file);
    } else {
        printf("Press Enter to exit...\n");
        getchar(); // Wait for user input before closing
    }

    gnuplot_close(handle);
    printf("Animation complete!\n");
    return 0;
}
```

This modified program features:

**Key Changes:**
1. **Composite Rotation Function**: `rotate_xyz()` applies rotations around all three axes simultaneously
2. **Single Animation Sequence**: Shows the cube rotating from initial position to a final position with specified rotations on all three axes
3. **Progressive Rotation**: Smoothly interpolates from (0°, 0°, 0°) to (180°, 90°, 45°) rotation
4. **Enhanced Display**: Shows current rotation angles for each axis in the title

**Usage:**
- Interactive mode: `./program`
- GIF mode: `./program gif [filename.gif]`

**Features:**
- The cube rotates simultaneously around X (180°), Y (90°), and Z (45°) axes
- Real-time display of current rotation angles
- Smooth animation with 72 frames for better visual quality
- Same terminal support (wxt for interactive, gif for file output)

The animation will show the cube undergoing a complex 3D transformation as it rotates through all three axes simultaneously, arriving at the final rotated position.

